
 [1;38;2;226;232;240mtones[0m

  [38;2;100;116;139mneutral[0m[38;2;71;85;105m · [0m[38;2;34;211;238minfo[0m[38;2;71;85;105m · [0m[38;2;52;211;153msuccess[0m[38;2;71;85;105m · [0m[38;2;251;191;36mwarning[0m[38;2;71;85;105m · [0m[38;2;248;113;113merror[0m[38;2;71;85;105m · [0m[38;2;167;139;250mlive[0m

 [1;38;2;226;232;240mstatus[0m

  [38;2;52;211;153m✓ completed[0m   [38;2;248;113;113m✗ failed[0m   [38;2;167;139;250m◐ running[0m   [38;2;100;116;139m○ pending[0m   [38;2;251;191;36m↷ skipped[0m

 [1;38;2;226;232;240mdata rows[0m

 [1;38;2;167;139;250m▸ [0m[1;38;2;167;139;250mcheckout-service[0m  [38;2;100;116;139mpayments · deploy[0m                                                                                                                                                                            [38;2;167;139;250m◐ running[0m 
   [38;2;226;232;240mcatalog-sync[0m  [38;2;100;116;139mplatform · plan[0m                                                                                                                                                                                [38;2;52;211;153m✓ completed[0m 
   [38;2;226;232;240mweb-frontend[0m  [38;2;100;116;139mstorefront · deploy[0m                                                                                                                                                                               [38;2;248;113;113m✗ failed[0m 

 [1;38;2;226;232;240mtable[0m

   [38;2;100;116;139mrun[0m                                                                                                                                                                                          [38;2;100;116;139menv[0m           [38;2;100;116;139mstatus[0m        
 [38;2;71;85;105m──────────────────────────────────────────────────────────────────────────────────────────────────────────────────────────────────────────────────────────────────────────────────────────────────────────────────────────[0m
 [1;38;2;167;139;250m▸[0m [1;38;2;167;139;250mdeploy checkout 01J8Z3[0m                                                                                                                                                                       production    [38;2;167;139;250m◐ running[0m     
   plan payments [38;2;34;211;238m01J8Z2[0m                                                                                                                                                                         staging       [38;2;52;211;153m✓ completed[0m   
   deploy web [38;2;34;211;238m01J8Z1[0m                                                                                                                                                                            production    [38;2;248;113;113m✗ failed[0m      

 [1;38;2;226;232;240mstat tiles[0m

  [38;2;100;116;139mcomponents[0m                                                               [38;2;100;116;139mlive sessions[0m                                                            [38;2;100;116;139mlast run[0m                                                               
  [1;38;2;226;232;240m24[0m                                                                       [1;38;2;226;232;240m2[0m                                                                        [1;38;2;226;232;240m✓ 12m ago[0m                                                              
  [38;2;100;116;139m3 changed[0m                                                                [38;2;100;116;139m1 needs you[0m                                                              [38;2;100;116;139mdeploy checkout[0m                                                        

 [1;38;2;226;232;240mfilter chips[0m

  [38;2;100;116;139mall[0m[38;2;71;85;105m · [0m[1;38;2;167;139;250mrunning[0m[38;2;71;85;105m · [0m[38;2;100;116;139mfailed[0m[38;2;71;85;105m · [0m[38;2;100;116;139mneeds you[0m

 [1;38;2;226;232;240mentity kinds[0m

  [38;2;100;116;139m◆[0m [38;2;226;232;240mComponent[0m   [38;2;100;116;139m◇[0m [38;2;226;232;240mAPI[0m   [38;2;100;116;139m⬢[0m [38;2;226;232;240mSystem[0m   [38;2;100;116;139m◍[0m [38;2;226;232;240mEnvironment[0m

 [1;38;2;226;232;240mmarkdown[0m

[1;38;2;226;232;240mRollout plan[0m
Deploy [38;2;34;211;238mcheckout[0m then verify:
  [38;2;100;116;139m·[0m canary at 5%
  [38;2;100;116;139m·[0m full fleet
  [38;2;100;116;139msealed 2026-07-14[0m

 [1;38;2;226;232;240mdialog[0m

[38;2;71;85;105m╭─[0m[1;38;2;226;232;240mRun plan[0m[38;2;71;85;105m─────────────────────────╮[0m
[38;2;71;85;105m│[0m 4 jobs across 2 environments.     [38;2;71;85;105m│[0m
[38;2;71;85;105m│[0m [38;2;100;116;139mchanged components only[0m           [38;2;71;85;105m│[0m
[38;2;71;85;105m│[0m                                   [38;2;71;85;105m│[0m
[38;2;71;85;105m│[0m [38;2;34;211;238menter[0m [38;2;226;232;240mRun 4 jobs[0m[38;2;100;116;139m   ·   [0m[38;2;100;116;139mesc cancel[0m [38;2;71;85;105m│[0m
[38;2;71;85;105m╰───────────────────────────────────╯[0m

 [1;38;2;226;232;240mkey hints[0m

  [38;2;226;232;240mr[0m [38;2;100;116;139mrun[0m   [38;2;226;232;240mg[0m [38;2;100;116;139mcompose[0m   [38;2;226;232;240mi[0m [38;2;100;116;139minspect[0m