
 [1;38;2;31;40;51mtones[0m

  [38;2;100;116;139mneutral[0m[38;2;147;163;184m · [0m[38;2;8;145;178minfo[0m[38;2;147;163;184m · [0m[38;2;5;150;105msuccess[0m[38;2;147;163;184m · [0m[38;2;179;83;9mwarning[0m[38;2;147;163;184m · [0m[38;2;220;38;38merror[0m[38;2;147;163;184m · [0m[38;2;124;58;237mlive[0m

 [1;38;2;31;40;51mstatus[0m

  [38;2;5;150;105m✓ completed[0m   [38;2;220;38;38m✗ failed[0m   [38;2;124;58;237m◐ running[0m   [38;2;100;116;139m○ pending[0m   [38;2;179;83;9m↷ skipped[0m

 [1;38;2;31;40;51mdata rows[0m

 [1;38;2;124;58;237m▸ [0m[1;38;2;124;58;237mcheckout-service[0m  [38;2;100;116;139mpayments · deploy[0m                                                                                                                                                                            [38;2;124;58;237m◐ running[0m 
   [38;2;31;40;51mcatalog-sync[0m  [38;2;100;116;139mplatform · plan[0m                                                                                                                                                                                [38;2;5;150;105m✓ completed[0m 
   [38;2;31;40;51mweb-frontend[0m  [38;2;100;116;139mstorefront · deploy[0m                                                                                                                                                                               [38;2;220;38;38m✗ failed[0m 

 [1;38;2;31;40;51mtable[0m

   [38;2;100;116;139mrun[0m                                                                                                                                                                                          [38;2;100;116;139menv[0m           [38;2;100;116;139mstatus[0m        
 [38;2;147;163;184m──────────────────────────────────────────────────────────────────────────────────────────────────────────────────────────────────────────────────────────────────────────────────────────────────────────────────────────[0m
 [1;38;2;124;58;237m▸[0m [1;38;2;124;58;237mdeploy checkout 01J8Z3[0m                                                                                                                                                                       production    [38;2;124;58;237m◐ running[0m     
   plan payments [38;2;8;145;178m01J8Z2[0m                                                                                                                                                                         staging       [38;2;5;150;105m✓ completed[0m   
   deploy web [38;2;8;145;178m01J8Z1[0m                                                                                                                                                                            production    [38;2;220;38;38m✗ failed[0m      

 [1;38;2;31;40;51mstat tiles[0m

  [38;2;100;116;139mcomponents[0m                                                               [38;2;100;116;139mlive sessions[0m                                                            [38;2;100;116;139mlast run[0m                                                               
  [1;38;2;31;40;51m24[0m                                                                       [1;38;2;31;40;51m2[0m                                                                        [1;38;2;31;40;51m✓ 12m ago[0m                                                              
  [38;2;100;116;139m3 changed[0m                                                                [38;2;100;116;139m1 needs you[0m                                                              [38;2;100;116;139mdeploy checkout[0m                                                        

 [1;38;2;31;40;51mfilter chips[0m

  [38;2;100;116;139mall[0m[38;2;147;163;184m · [0m[1;38;2;124;58;237mrunning[0m[38;2;147;163;184m · [0m[38;2;100;116;139mfailed[0m[38;2;147;163;184m · [0m[38;2;100;116;139mneeds you[0m

 [1;38;2;31;40;51mentity kinds[0m

  [38;2;100;116;139m◆[0m [38;2;31;40;51mComponent[0m   [38;2;100;116;139m◇[0m [38;2;31;40;51mAPI[0m   [38;2;100;116;139m⬢[0m [38;2;31;40;51mSystem[0m   [38;2;100;116;139m◍[0m [38;2;31;40;51mEnvironment[0m

 [1;38;2;31;40;51mmarkdown[0m

[1;38;2;31;40;51mRollout plan[0m
Deploy [38;2;8;145;178mcheckout[0m then verify:
  [38;2;100;116;139m·[0m canary at 5%
  [38;2;100;116;139m·[0m full fleet
  [38;2;100;116;139msealed 2026-07-14[0m

 [1;38;2;31;40;51mdialog[0m

[38;2;147;163;184m╭─[0m[1;38;2;31;40;51mRun plan[0m[38;2;147;163;184m─────────────────────────╮[0m
[38;2;147;163;184m│[0m 4 jobs across 2 environments.     [38;2;147;163;184m│[0m
[38;2;147;163;184m│[0m [38;2;100;116;139mchanged components only[0m           [38;2;147;163;184m│[0m
[38;2;147;163;184m│[0m                                   [38;2;147;163;184m│[0m
[38;2;147;163;184m│[0m [38;2;8;145;178menter[0m [38;2;31;40;51mRun 4 jobs[0m[38;2;100;116;139m   ·   [0m[38;2;100;116;139mesc cancel[0m [38;2;147;163;184m│[0m
[38;2;147;163;184m╰───────────────────────────────────╯[0m

 [1;38;2;31;40;51mkey hints[0m

  [38;2;31;40;51mr[0m [38;2;100;116;139mrun[0m   [38;2;31;40;51mg[0m [38;2;100;116;139mcompose[0m   [38;2;31;40;51mi[0m [38;2;100;116;139minspect[0m